========== SESSION STARTED: 2026-05-08 07:38:06 ==========
Application: Ortems Toolbox
Version: 0.0.0.0
Script path: E:\GitHub\Toolbox\Toolbox.au3
Log file: E:\GitHub\Toolbox\log\Toolbox_20260508_073806.log
Verbose Mode: ON
Computer/User: LP16-FZI1-DSA / FZI1
OS: WIN_11 X64
============================================================
[2026-05-08 07:38:06] Session log file created: E:\GitHub\Toolbox\log\Toolbox_20260508_073806.log
[2026-05-08 07:38:57] [VERBOSE] UI controls disabled while executing: Test DB connection
[2026-05-08 07:38:57] Connection test started for database ORTEMS_DEMO on server localhost\SQLEXPRESS
[2026-05-08 07:38:57] [VERBOSE] Connection string: Driver={SQL Server};Server=localhost\SQLEXPRESS;Database=ORTEMS_DEMO;Trusted_Connection=yes;
[2026-05-08 07:39:01] [VERBOSE] UI controls disabled while executing: Import workbook
[2026-05-08 07:39:08] [VERBOSE] Workbook import requested: E:\GitHub\Toolbox\ortems_toolbox_export.xlsx
[2026-05-08 07:39:21] [VERBOSE] Workbook sheet imported: Calendars = 55 row(s)
[2026-05-08 07:39:24] [VERBOSE] Workbook sheet imported: Machines = 12 row(s)
[2026-05-08 07:39:30] [VERBOSE] Workbook sheet imported: Operations = 35 row(s)
[2026-05-08 07:39:33] [VERBOSE] Workbook sheet imported: Routings = 39 row(s)
[2026-05-08 07:39:37] [VERBOSE] Workbook sheet imported: Items = 39 row(s)
[2026-05-08 07:39:52] [VERBOSE] Workbook sheet imported: BOM = 102 row(s)
[2026-05-08 07:39:57] [VERBOSE] Workbook sheet imported: WorkOrders = 34 row(s)
[2026-05-08 07:39:57] [VERBOSE] Workbook sheet imported: WOLinks = 0 row(s)
[2026-05-08 07:39:57] [VERBOSE] Workbook sheet imported: SecondaryResources = 0 row(s)
[2026-05-08 07:39:57] [VERBOSE] Workbook sheet imported: Capacity = 0 row(s)
[2026-05-08 07:39:57] [VERBOSE] Workbook sheet imported: InventoryMovements = 0 row(s)
[2026-05-08 07:39:57] === Integrity Check started (cross-tab reference validation) ===
[2026-05-08 07:39:57] === Integrity Check OK - all cross-tab references are consistent ===
[2026-05-08 07:39:57] Workbook import finished: 316 data rows <- E:\GitHub\Toolbox\ortems_toolbox_export.xlsx
[2026-05-08 07:40:09] [VERBOSE] UI controls disabled while executing: Test DB connection
[2026-05-08 07:40:09] Connection test started for database ORTEMS_DEMO on server localhost\SQLEXPRESS
[2026-05-08 07:40:09] [VERBOSE] Connection string: Driver={SQL Server};Server=localhost\SQLEXPRESS;Database=ORTEMS_DEMO;Trusted_Connection=yes;
[2026-05-08 07:40:20] [VERBOSE] UI controls disabled while executing: Generate SQL
[2026-05-08 07:40:20] === Integrity Check started (cross-tab reference validation) ===
[2026-05-08 07:40:20] === Integrity Check OK - all cross-tab references are consistent ===
[2026-05-08 07:40:21] B_PERI time mode detected: text
[2026-05-08 07:40:21] B_VER_ART schema: column for routing_phase not present in this version (optional)
[2026-05-08 07:40:21] B_VER_ART schema: no FK parent column detected for routing_phase through B_PHAS.NOPHASE
[2026-05-08 07:40:21] B_VER_ART schema: no FK parent column detected for routing_id through B_PHAS.NOMG
[2026-05-08 07:40:21] B_VER_ART schema: no FK parent column detected for routing_operation through B_PHAS.OPE
[2026-05-08 07:40:21] E_GAMME_NOME table not found in this schema - explicit bridge generation skipped.
[2026-05-08 07:40:21] B_NOME schema: column 'QTEREF' used for qty_base
[2026-05-08 07:40:21] B_NOME schema: column 'QTENEC' used for qty_nec
[2026-05-08 07:40:21] B_OF schema: column 'QTE' used for qty_order
[2026-05-08 07:40:21] B_OF schema: column for mode_util not present in this version (optional)
[2026-05-08 07:40:21] B_BT schema: column 'BT_OPE' used for operation
[2026-05-08 07:40:21] B_BT schema: column 'MACHINE' used for machine
[2026-05-08 07:40:21] B_BT schema: column for item not present in this version (optional)
[2026-05-08 07:40:21] B_BT schema: column for version not present in this version (optional)
[2026-05-08 07:40:21] B_BT schema: column for serie not present in this version (optional)
[2026-05-08 07:40:22] B_BT schema: column 'BT_QTE' used for qty
[2026-05-08 07:40:22] B_BT schema: column for start_date not present in this version (optional)
[2026-05-08 07:40:22] B_BT schema: column for end_date not present in this version (optional)
[2026-05-08 07:40:22] B_BT schema: column 'BT_CODEGEST' used for codegest
[2026-05-08 07:40:22] B_BT schema: column for status not present in this version (optional)
[2026-05-08 07:40:22] B_BT schema: column for mode_util not present in this version (optional)
[2026-05-08 07:40:22] SQL generated successfully. 220227 characters.
[2026-05-08 07:40:28] [VERBOSE] UI controls disabled while executing: Run SQL on DB
[2026-05-08 07:40:29] === Integrity Check started (cross-tab reference validation) ===
[2026-05-08 07:40:29] === Integrity Check OK - all cross-tab references are consistent ===
[2026-05-08 07:40:37] ERROR (stmt 676) on table [B_BT]: COM Error 0x80020009: [Microsoft][ODBC SQL Server Driver][SQL Server]Invalid column name 'NOF'.
[2026-05-08 07:40:37]   >> IF NOT EXISTS (SELECT 1 FROM B_BT WHERE NOF='CO#990702/1FIAT' AND NOMG='FINAL ASSEMBLY' AND NOPHASE=0010) |     INSERT INTO B_BT (NOF, NOMG, NOPHASE, BT_OPE, MACHINE, BT_QTE, BT_CODEGEST) |     VALUES ('CO#990702/1FIAT', 'FINAL ASSEMBLY', 0010, 'FINAL ASSEMBLY 0010', 'ASSEMBLY', 125.000, 'F')
[2026-05-08 07:40:37] Transaction ROLLED BACK due to error.
