========== SESSION STARTED: 2026-05-12 15:52:48 ==========
Application: Ortems Toolbox
Version: 0.0.0.0
Script path: E:\GitHub\Toolbox\Toolbox.au3
Log file: E:\GitHub\Toolbox\log\Toolbox_20260512_155248.log
Verbose Mode: ON
Computer/User: LP16-FZI1-DSA / FZI1
OS: WIN_11 X64
============================================================
[2026-05-12 15:52:48] Session log file created: E:\GitHub\Toolbox\log\Toolbox_20260512_155248.log
[2026-05-12 15:52:51] [VERBOSE] UI controls disabled while executing: Test DB connection
[2026-05-12 15:52:51] Connection test started for database ORTEMS_DEMO on server localhost\SQLEXPRESS
[2026-05-12 15:52:51] [VERBOSE] Connection string: Driver={SQL Server};Server=localhost\SQLEXPRESS;Database=ORTEMS_DEMO;Trusted_Connection=yes;
[2026-05-12 15:52:54] [VERBOSE] UI controls disabled while executing: Load from DB
[2026-05-12 15:52:55] === Load from DB started ===
[2026-05-12 15:52:55] [VERBOSE][SQL] Load from DB query: SELECT c.NOCALHEBD, c.NOMCAL, p.NOJOUR_DEB, p.DEB_PERIO, p.NOJOUR_FIN, p.FIN_PERIO FROM B_CAL c JOIN B_PERI p ON c.NOCALHEBD = p.NOCALHEBD ORDER BY c.NOCALHEBD, p.NOJOUR_DEB, p.DEB_PERIO
[2026-05-12 15:52:55] Calendars loaded: 55 rows
[2026-05-12 15:52:55] [VERBOSE][SQL] Load from DB query: SELECT ISNULL(z.NOZONE,'') AS NOZONE, ISNULL(z.LIBZONE,'') AS LIBZONE,        ISNULL(i.ILOT,'') AS ILOT, ISNULL(i.LIBILOT,'') AS LIBILOT,        ISNULL(CAST(i.TYPEILOT AS VARCHAR),'') AS TYPEILOT,        ISNULL(s.CODESECTI,'') AS CODESECTI, ISNULL(s.DESIGSECT,'') AS DESIGSECT,        m.MACHINE, ISNULL(m.LIBMACH,'') AS LIBMACH,        ISNULL(m.MACH_MODEMACH,'') AS MACH_MODEMACH,        ISNULL(m.NOCALHEBD,'') AS NOCALHEBD FROM B_MACH m LEFT JOIN B_ILOT i ON m.ILOT = i.ILOT LEFT JOIN B_SECT s ON m.CODESECTI = s.CODESECTI LEFT JOIN B_ZONE z ON m.NOZONE = z.NOZONE ORDER BY m.MACHINE
[2026-05-12 15:52:55] Machines loaded: 16 rows
[2026-05-12 15:52:55] [VERBOSE][SQL] Load from DB query: SELECT o.OPE, ISNULL(o.LIBOP,'') AS LIBOP, ISNULL(o.ILOT,'') AS ILOT,        ISNULL(c.MACHINE,'') AS MACHINE,        ISNULL(CAST(o.CODEBASET AS VARCHAR),'0') AS CODEBASET,        ISNULL(CAST(c.CADE_DURREAL AS VARCHAR),'0') AS CADE_DURREAL,        ISNULL(o.UNITE,'H') AS UNITE,        ISNULL(CAST(o.DURPREP AS VARCHAR),'0') AS DURPREP,        ISNULL(CAST(o.THM AS VARCHAR),'0') AS THM,        ISNULL(CAST(o.INTERUPT AS VARCHAR),'0') AS INTERUPT FROM B_OPE o LEFT JOIN (SELECT OPE, MIN(MACHINE) AS MACHINE, MIN(CADE_DURREAL) AS CADE_DURREAL FROM B_CADE GROUP BY OPE) c ON o.OPE = c.OPE ORDER BY o.OPE
[2026-05-12 15:52:56] Operations loaded: 35 rows
[2026-05-12 15:52:56] [VERBOSE][SQL] Load from DB query: SELECT g.NOMG, ISNULL(g.LIBGAM,'') AS LIBGAM,        p.NOPHASE, ISNULL(p.OPE,'') AS OPE, ISNULL(p.LIBPHASE,'') AS LIBPHASE FROM B_GAMM g JOIN B_PHAS p ON g.NOMG = p.NOMG ORDER BY g.NOMG, p.NOPHASE
[2026-05-12 15:52:56] Routings loaded: 39 rows
[2026-05-12 15:52:56] [VERBOSE][SQL] Load from DB query: SELECT a.CODEARTIC, ISNULL(a.LIBARTIC,'') AS LIBARTIC,        ISNULL(a.TYPEMATI,'') AS TYPEMATI,        ISNULL(v.VER_ART,'') AS VER_ART,        ISNULL(v.NOMG,'') AS NOMG,        ISNULL(CAST(a.QTE_STOCK AS VARCHAR),'0') AS QTE_STOCK FROM B_ART a LEFT JOIN (SELECT CODEARTIC, MIN(VER_ART) AS VER_ART, MIN(NOMG) AS NOMG FROM B_VER_ART GROUP BY CODEARTIC) v ON a.CODEARTIC = v.CODEARTIC ORDER BY a.CODEARTIC
[2026-05-12 15:52:56] [VERBOSE] Load from DB: ignored B_VER_ART version/routing for MP item 'APPRO'.
[2026-05-12 15:52:56] [VERBOSE] Load from DB: ignored B_VER_ART version/routing for MP item 'FORGED AXLE'.
[2026-05-12 15:52:56] [VERBOSE] Load from DB: ignored B_VER_ART version/routing for MP item 'FORGED PINION'.
[2026-05-12 15:52:56] [VERBOSE] Load from DB: ignored B_VER_ART version/routing for MP item 'FORGED RING'.
[2026-05-12 15:52:56] [VERBOSE] Load from DB: ignored B_VER_ART version/routing for MP item 'LATHING'.
[2026-05-12 15:52:56] [VERBOSE] Load from DB: ignored B_VER_ART version/routing for MP item 'PACKAGING'.
[2026-05-12 15:52:56] [VERBOSE] Load from DB: ignored B_VER_ART version/routing for MP item 'WATER'.
[2026-05-12 15:52:56] Materials loaded: 39 rows
[2026-05-12 15:52:56] [VERBOSE][SQL] Detect column for B_NOME.qty_base: SELECT COLUMN_NAME FROM INFORMATION_SCHEMA.COLUMNS WHERE TABLE_NAME='B_NOME' ORDER BY ORDINAL_POSITION
[2026-05-12 15:52:56] B_NOME schema: column 'QTEREF' used for qty_base
[2026-05-12 15:52:56] [VERBOSE][SQL] Detect column for B_NOME.qty_nec: SELECT COLUMN_NAME FROM INFORMATION_SCHEMA.COLUMNS WHERE TABLE_NAME='B_NOME' ORDER BY ORDINAL_POSITION
[2026-05-12 15:52:56] B_NOME schema: column 'QTENEC' used for qty_nec
[2026-05-12 15:52:56] [VERBOSE][SQL] Load from DB query: SELECT B_V_CODEARTIC, ISNULL(VER_ART,'') AS VER_ART,        ISNULL(CODEARTIC,'') AS CODEARTIC, ISNULL(NOMG,'') AS NOMG,        ISNULL(CAST(NOPHASE AS VARCHAR),'0') AS NOPHASE,        ISNULL(CAST([QTEREF] AS VARCHAR),'0') AS QTYREF,        ISNULL(CAST([QTENEC] AS VARCHAR),'0') AS QTYNEC FROM B_NOME ORDER BY B_V_CODEARTIC, VER_ART, NOPHASE, CODEARTIC
[2026-05-12 15:52:56] BOM loaded: 102 rows
[2026-05-12 15:52:56] [VERBOSE][SQL] Detect column for B_OF.qty_order: SELECT COLUMN_NAME FROM INFORMATION_SCHEMA.COLUMNS WHERE TABLE_NAME='B_OF' ORDER BY ORDINAL_POSITION
[2026-05-12 15:52:56] B_OF schema: column 'QTE' used for qty_order
[2026-05-12 15:52:56] [VERBOSE][SQL] Load from DB query: SELECT NOF, ISNULL(CODEARTIC,'') AS CODEARTIC, ISNULL(NOMG,'') AS NOMG,        ISNULL(VER_ART,'') AS VER_ART,        ISNULL(CAST([QTE] AS VARCHAR),'0') AS QTE,        ISNULL(CONVERT(VARCHAR,DPLUSTOT,103),'') AS DT_I,        ISNULL(CONVERT(VARCHAR,FPLUSTARD,103),'') AS DT_F FROM B_OF ORDER BY NOF
[2026-05-12 15:52:56] Work Orders loaded: 34 rows
[2026-05-12 15:52:56] === Load from DB complete - 7 tab(s) populated ===
