========== SESSION STARTED: 2026-05-08 16:33:28 ==========
Application: Ortems Toolbox
Version: 0.0.0.0
Script path: E:\GitHub\Toolbox\Toolbox_HelpButton.au3
Log file: E:\GitHub\Toolbox\log\Toolbox_20260508_163328.log
Verbose Mode: ON
Computer/User: LP16-FZI1-DSA / FZI1
OS: WIN_11 X64
============================================================
[2026-05-08 16:33:28] Session log file created: E:\GitHub\Toolbox\log\Toolbox_20260508_163328.log
[2026-05-08 16:33:58] [VERBOSE] UI controls disabled while executing: Import workbook
[2026-05-08 16:34:00] [VERBOSE] Workbook import requested: E:\GitHub\Toolbox\ortems_toolbox_export.xlsx
[2026-05-08 16:34:18] [VERBOSE] Workbook sheet imported: Calendars = 55 row(s)
[2026-05-08 16:34:20] [VERBOSE] Workbook sheet imported: Machines = 12 row(s)
[2026-05-08 16:34:26] [VERBOSE] Workbook sheet imported: Operations = 35 row(s)
[2026-05-08 16:34:30] [VERBOSE] Workbook sheet imported: Routings = 39 row(s)
[2026-05-08 16:34:34] [VERBOSE] Workbook sheet imported: Items = 39 row(s)
[2026-05-08 16:34:47] [VERBOSE] Workbook sheet imported: BOM = 102 row(s)
[2026-05-08 16:34:52] [VERBOSE] Workbook sheet imported: WorkOrders = 34 row(s)
[2026-05-08 16:34:52] [VERBOSE] Workbook sheet imported: WOLinks = 0 row(s)
[2026-05-08 16:34:52] [VERBOSE] Workbook sheet imported: SecondaryResources = 0 row(s)
[2026-05-08 16:34:52] [VERBOSE] Workbook sheet imported: Capacity = 0 row(s)
[2026-05-08 16:34:52] [VERBOSE] Workbook sheet imported: InventoryMovements = 0 row(s)
[2026-05-08 16:34:52] === Integrity Check started (cross-tab reference validation) ===
[2026-05-08 16:34:52] === Integrity Check OK - all cross-tab references are consistent ===
[2026-05-08 16:34:52] Workbook import finished: 316 data rows <- E:\GitHub\Toolbox\ortems_toolbox_export.xlsx
