========== SESSION STARTED: 2026-05-08 08:17:04 ==========
Application: Ortems Toolbox
Version: 0.0.0.0
Script path: E:\GitHub\Toolbox\Toolbox.au3
Log file: E:\GitHub\Toolbox\log\Toolbox_20260508_081704.log
Verbose Mode: ON
Computer/User: LP16-FZI1-DSA / FZI1
OS: WIN_11 X64
============================================================
[2026-05-08 08:17:04] Session log file created: E:\GitHub\Toolbox\log\Toolbox_20260508_081704.log
[2026-05-08 08:17:53] [VERBOSE] UI controls disabled while executing: Test DB connection
[2026-05-08 08:17:53] Connection test started for database ORTEMS_DEMO on server localhost\SQLEXPRESS
[2026-05-08 08:17:53] [VERBOSE] Connection string: Driver={SQL Server};Server=localhost\SQLEXPRESS;Database=ORTEMS_DEMO;Trusted_Connection=yes;
[2026-05-08 08:18:08] [VERBOSE] UI controls disabled while executing: Import workbook
[2026-05-08 08:18:10] [VERBOSE] Workbook import requested: E:\GitHub\Toolbox\ortems_toolbox_export.xlsx
[2026-05-08 08:18:20] [VERBOSE] Workbook sheet imported: Calendars = 55 row(s)
[2026-05-08 08:18:22] [VERBOSE] Workbook sheet imported: Machines = 12 row(s)
[2026-05-08 08:18:27] [VERBOSE] Workbook sheet imported: Operations = 35 row(s)
[2026-05-08 08:18:31] [VERBOSE] Workbook sheet imported: Routings = 39 row(s)
[2026-05-08 08:18:35] [VERBOSE] Workbook sheet imported: Items = 39 row(s)
[2026-05-08 08:18:47] [VERBOSE] Workbook sheet imported: BOM = 102 row(s)
[2026-05-08 08:18:51] [VERBOSE] Workbook sheet imported: WorkOrders = 34 row(s)
[2026-05-08 08:18:51] [VERBOSE] Workbook sheet imported: WOLinks = 0 row(s)
[2026-05-08 08:18:51] [VERBOSE] Workbook sheet imported: SecondaryResources = 0 row(s)
[2026-05-08 08:18:51] [VERBOSE] Workbook sheet imported: Capacity = 0 row(s)
[2026-05-08 08:18:51] [VERBOSE] Workbook sheet imported: InventoryMovements = 0 row(s)
[2026-05-08 08:18:51] === Integrity Check started (cross-tab reference validation) ===
[2026-05-08 08:18:51] === Integrity Check OK - all cross-tab references are consistent ===
[2026-05-08 08:18:51] Workbook import finished: 316 data rows <- E:\GitHub\Toolbox\ortems_toolbox_export.xlsx
[2026-05-08 08:21:31] [VERBOSE] UI controls disabled while executing: Generate SQL
[2026-05-08 08:21:31] === Integrity Check started (cross-tab reference validation) ===
[2026-05-08 08:21:31] === Integrity Check OK - all cross-tab references are consistent ===
[2026-05-08 08:21:31] B_PERI time mode detected: text
[2026-05-08 08:21:31] B_VER_ART schema: column for routing_phase not present in this version (optional)
[2026-05-08 08:21:31] B_VER_ART schema: no FK parent column detected for routing_phase through B_PHAS.NOPHASE
[2026-05-08 08:21:31] B_VER_ART schema: no FK parent column detected for routing_id through B_PHAS.NOMG
[2026-05-08 08:21:31] B_VER_ART schema: no FK parent column detected for routing_operation through B_PHAS.OPE
[2026-05-08 08:21:31] E_GAMME_NOME table not found in this schema - explicit bridge generation skipped.
[2026-05-08 08:21:32] B_NOME schema: column 'QTEREF' used for qty_base
[2026-05-08 08:21:32] B_NOME schema: column 'QTENEC' used for qty_nec
[2026-05-08 08:21:32] E_OF schema: column 'E_NOF' used for work_order
[2026-05-08 08:21:32] E_OF schema: column 'CODEARTIC' used for item
[2026-05-08 08:21:32] E_OF schema: column 'NOM_ENC' used for routing
[2026-05-08 08:21:32] E_OF schema: column for version not present in this version (optional)
[2026-05-08 08:21:32] E_OF schema: column 'SERIE' used for serie
[2026-05-08 08:21:32] E_OF schema: column for qty_order not present in this version (optional)
[2026-05-08 08:21:32] E_OF schema: column for start_date not present in this version (optional)
[2026-05-08 08:21:32] E_OF schema: column for end_date not present in this version (optional)
[2026-05-08 08:21:32] E_OF schema: column 'E_CODEGEST' used for codegest
[2026-05-08 08:21:32] E_OF schema: column for status not present in this version (optional)
[2026-05-08 08:21:32] E_OF schema: column for mode_util not present in this version (optional)
[2026-05-08 08:21:32] B_OF schema: column 'QTE' used for qty_order
[2026-05-08 08:21:32] B_OF schema: column for mode_util not present in this version (optional)
[2026-05-08 08:21:32] B_BT schema: column 'E_NOF' used for work_order
[2026-05-08 08:21:32] B_BT schema: column 'NOM_ENC' used for routing
[2026-05-08 08:21:32] B_BT schema: column 'BT_NOPHASE' used for phase
[2026-05-08 08:21:32] B_BT schema: column 'BT_OPE' used for operation
[2026-05-08 08:21:32] B_BT schema: column 'MACHINE' used for machine
[2026-05-08 08:21:32] B_BT schema: column for item not present in this version (optional)
[2026-05-08 08:21:32] B_BT schema: column for version not present in this version (optional)
[2026-05-08 08:21:32] B_BT schema: column for serie not present in this version (optional)
[2026-05-08 08:21:32] B_BT schema: column 'BT_QTE' used for qty
[2026-05-08 08:21:32] B_BT schema: column for start_date not present in this version (optional)
[2026-05-08 08:21:32] B_BT schema: column for end_date not present in this version (optional)
[2026-05-08 08:21:33] B_BT schema: column 'BT_CODEGEST' used for codegest
[2026-05-08 08:21:33] B_BT schema: column for status not present in this version (optional)
[2026-05-08 08:21:33] B_BT schema: column for mode_util not present in this version (optional)
[2026-05-08 08:21:33] B_BT schema: required column 'BT_FRACTION' auto-filled with a safe default.
[2026-05-08 08:21:33] B_BT schema: required column 'ILOT' auto-filled with a safe default.
[2026-05-08 08:21:33] B_BT schema: required column 'B_I_ILOT' auto-filled with a safe default.
[2026-05-08 08:21:33] B_BT schema: required column 'BT_CODEBASET' auto-filled with a safe default.
[2026-05-08 08:21:33] B_BT schema: required column 'BT_CST_CHARGE' auto-filled with a safe default.
[2026-05-08 08:21:33] B_BT schema: required column 'DATE_PLA' auto-filled with a safe default.
[2026-05-08 08:21:34] SQL generated successfully. 258598 characters.
[2026-05-08 08:21:48] [VERBOSE] UI controls disabled while executing: Run SQL on DB
[2026-05-08 08:21:49] === Integrity Check started (cross-tab reference validation) ===
[2026-05-08 08:21:49] === Integrity Check OK - all cross-tab references are consistent ===
[2026-05-08 08:21:56] ERROR (stmt 643) on table [E_OF]: COM Error 0x80020009: [Microsoft][ODBC SQL Server Driver][SQL Server]The UPDATE statement conflicted with the REFERENCE constraint "FK1_B_BT". The conflict occurred in database "ORTEMS_DEMO", table "dbo.B_BT".
[2026-05-08 08:21:56]   HINT: A foreign key reference is missing. Check that the parent row (item/routing/calendar) exists before inserting the child row. Run FK Pre-validation for more details.
[2026-05-08 08:21:56]   >> IF EXISTS (SELECT 1 FROM E_OF WHERE [E_NOF]='CO#990702/1FIAT') |     UPDATE E_OF SET [CODEARTIC]='GEAR BOX 5', [NOM_ENC]='FINAL ASSEMBLY', [SERIE]='0', [E_CODEGEST]='F' WHERE [E_NOF]='CO#990702/1FIAT' | ELSE |     INSERT INTO E_OF ([E_NOF], [CODEARTIC], [NOM_ENC], [SERIE], [E_CODEGEST]) |     VALUES ('CO#990702/1FIAT', 'GEAR BOX 5', 'FINAL ASSEMBLY', '0', 'F')
[2026-05-08 08:21:56] Transaction ROLLED BACK due to error.
