========== SESSION STARTED: 2026-05-08 08:11:06 ==========
Application: Ortems Toolbox
Version: 0.0.0.0
Script path: E:\GitHub\Toolbox\Toolbox.au3
Log file: E:\GitHub\Toolbox\log\Toolbox_20260508_081106.log
Verbose Mode: ON
Computer/User: LP16-FZI1-DSA / FZI1
OS: WIN_11 X64
============================================================
[2026-05-08 08:11:06] Session log file created: E:\GitHub\Toolbox\log\Toolbox_20260508_081106.log
[2026-05-08 08:11:13] [VERBOSE] UI controls disabled while executing: Test DB connection
[2026-05-08 08:11:13] Connection test started for database ORTEMS_DEMO on server localhost\SQLEXPRESS
[2026-05-08 08:11:13] [VERBOSE] Connection string: Driver={SQL Server};Server=localhost\SQLEXPRESS;Database=ORTEMS_DEMO;Trusted_Connection=yes;
[2026-05-08 08:11:16] [VERBOSE] UI controls disabled while executing: Import workbook
[2026-05-08 08:11:18] [VERBOSE] Workbook import requested: E:\GitHub\Toolbox\ortems_toolbox_export.xlsx
[2026-05-08 08:11:36] [VERBOSE] Workbook sheet imported: Calendars = 55 row(s)
[2026-05-08 08:11:39] [VERBOSE] Workbook sheet imported: Machines = 12 row(s)
[2026-05-08 08:11:44] [VERBOSE] Workbook sheet imported: Operations = 35 row(s)
[2026-05-08 08:11:47] [VERBOSE] Workbook sheet imported: Routings = 39 row(s)
[2026-05-08 08:11:52] [VERBOSE] Workbook sheet imported: Items = 39 row(s)
[2026-05-08 08:12:03] [VERBOSE] Workbook sheet imported: BOM = 102 row(s)
[2026-05-08 08:12:07] [VERBOSE] Workbook sheet imported: WorkOrders = 34 row(s)
[2026-05-08 08:12:07] [VERBOSE] Workbook sheet imported: WOLinks = 0 row(s)
[2026-05-08 08:12:07] [VERBOSE] Workbook sheet imported: SecondaryResources = 0 row(s)
[2026-05-08 08:12:07] [VERBOSE] Workbook sheet imported: Capacity = 0 row(s)
[2026-05-08 08:12:07] [VERBOSE] Workbook sheet imported: InventoryMovements = 0 row(s)
[2026-05-08 08:12:07] === Integrity Check started (cross-tab reference validation) ===
[2026-05-08 08:12:07] === Integrity Check OK - all cross-tab references are consistent ===
[2026-05-08 08:12:07] Workbook import finished: 316 data rows <- E:\GitHub\Toolbox\ortems_toolbox_export.xlsx
[2026-05-08 08:12:15] [VERBOSE] UI controls disabled while executing: Integrity validation
[2026-05-08 08:12:15] === Integrity Check started (cross-tab reference validation) ===
[2026-05-08 08:12:15] === Integrity Check OK - all cross-tab references are consistent ===
[2026-05-08 08:12:17] [VERBOSE] UI controls disabled while executing: Generate SQL
[2026-05-08 08:12:17] === Integrity Check started (cross-tab reference validation) ===
[2026-05-08 08:12:17] === Integrity Check OK - all cross-tab references are consistent ===
[2026-05-08 08:12:17] B_PERI time mode detected: text
[2026-05-08 08:12:18] B_VER_ART schema: column for routing_phase not present in this version (optional)
[2026-05-08 08:12:18] B_VER_ART schema: no FK parent column detected for routing_phase through B_PHAS.NOPHASE
[2026-05-08 08:12:18] B_VER_ART schema: no FK parent column detected for routing_id through B_PHAS.NOMG
[2026-05-08 08:12:18] B_VER_ART schema: no FK parent column detected for routing_operation through B_PHAS.OPE
[2026-05-08 08:12:18] E_GAMME_NOME table not found in this schema - explicit bridge generation skipped.
[2026-05-08 08:12:18] B_NOME schema: column 'QTEREF' used for qty_base
[2026-05-08 08:12:18] B_NOME schema: column 'QTENEC' used for qty_nec
[2026-05-08 08:12:18] E_OF schema: column 'E_NOF' used for work_order
[2026-05-08 08:12:18] E_OF schema: column 'CODEARTIC' used for item
[2026-05-08 08:12:18] E_OF schema: column 'NOM_ENC' used for routing
[2026-05-08 08:12:18] E_OF schema: column for version not present in this version (optional)
[2026-05-08 08:12:18] E_OF schema: column 'SERIE' used for serie
[2026-05-08 08:12:18] E_OF schema: column for qty_order not present in this version (optional)
[2026-05-08 08:12:18] E_OF schema: column for start_date not present in this version (optional)
[2026-05-08 08:12:18] E_OF schema: column for end_date not present in this version (optional)
[2026-05-08 08:12:18] E_OF schema: column 'E_CODEGEST' used for codegest
[2026-05-08 08:12:18] E_OF schema: column for status not present in this version (optional)
[2026-05-08 08:12:18] E_OF schema: column for mode_util not present in this version (optional)
[2026-05-08 08:12:19] B_OF schema: column 'QTE' used for qty_order
[2026-05-08 08:12:19] B_OF schema: column for mode_util not present in this version (optional)
[2026-05-08 08:12:19] B_BT schema: column 'E_NOF' used for work_order
[2026-05-08 08:12:19] B_BT schema: column 'NOM_ENC' used for routing
[2026-05-08 08:12:19] B_BT schema: column 'BT_NOPHASE' used for phase
[2026-05-08 08:12:19] B_BT schema: column 'BT_OPE' used for operation
[2026-05-08 08:12:19] B_BT schema: column 'MACHINE' used for machine
[2026-05-08 08:12:19] B_BT schema: column for item not present in this version (optional)
[2026-05-08 08:12:19] B_BT schema: column for version not present in this version (optional)
[2026-05-08 08:12:19] B_BT schema: column for serie not present in this version (optional)
[2026-05-08 08:12:19] B_BT schema: column 'BT_QTE' used for qty
[2026-05-08 08:12:19] B_BT schema: column for start_date not present in this version (optional)
[2026-05-08 08:12:19] B_BT schema: column for end_date not present in this version (optional)
[2026-05-08 08:12:19] B_BT schema: column 'BT_CODEGEST' used for codegest
[2026-05-08 08:12:19] B_BT schema: column for status not present in this version (optional)
[2026-05-08 08:12:19] B_BT schema: column for mode_util not present in this version (optional)
[2026-05-08 08:12:19] B_BT schema: required column 'BT_FRACTION' auto-filled with a safe default.
[2026-05-08 08:12:19] B_BT schema: required column 'ILOT' auto-filled with a safe default.
[2026-05-08 08:12:19] B_BT schema: required column 'B_I_ILOT' auto-filled with a safe default.
[2026-05-08 08:12:19] B_BT schema: required column 'BT_CODEBASET' auto-filled with a safe default.
[2026-05-08 08:12:19] B_BT schema: required column 'BT_CST_CHARGE' auto-filled with a safe default.
[2026-05-08 08:12:19] B_BT schema: required column 'DATE_PLA' auto-filled with a safe default.
[2026-05-08 08:12:20] SQL generated successfully. 253840 characters.
[2026-05-08 08:12:22] [VERBOSE] UI controls disabled while executing: Run SQL on DB
[2026-05-08 08:12:23] === Integrity Check started (cross-tab reference validation) ===
[2026-05-08 08:12:24] === Integrity Check OK - all cross-tab references are consistent ===
[2026-05-08 08:12:31] ERROR (stmt 711) on table [B_BT]: COM Error 0x80020009: [Microsoft][ODBC SQL Server Driver][SQL Server]The INSERT statement conflicted with the FOREIGN KEY constraint "FK1_B_BT". The conflict occurred in database "ORTEMS_DEMO", table "dbo.E_OF".
[2026-05-08 08:12:31]   HINT: A foreign key reference is missing. Check that the parent row (item/routing/calendar) exists before inserting the child row. Run FK Pre-validation for more details.
[2026-05-08 08:12:31]   >> IF NOT EXISTS (SELECT 1 FROM B_BT WHERE [E_NOF]='CO#990702/1FIAT' AND [NOM_ENC]='FINAL ASSEMBLY' AND [BT_NOPHASE]=0010) |     INSERT INTO B_BT ([E_NOF], [NOM_ENC], [BT_NOPHASE], [BT_OPE], [MACHINE], [BT_QTE], [BT_CODEGEST], [BT_FRACTION], [ILOT], [B_I_ILOT], [BT_CODEBASET], [BT_CST_CHARGE], [DATE_PLA]) |     VALUES ('CO#990702/1FIAT', 'FINAL ASSEMBLY', 0010, 'FINAL ASSEMBLY 0010', 'ASSEMBLY', 125.00 ...
[2026-05-08 08:12:31] Transaction ROLLED BACK due to error.
