========== SESSION STARTED: 2026-05-08 07:54:21 ==========
Application: Ortems Toolbox
Version: 0.0.0.0
Script path: E:\GitHub\Toolbox\Toolbox.au3
Log file: E:\GitHub\Toolbox\log\Toolbox_20260508_075421.log
Verbose Mode: ON
Computer/User: LP16-FZI1-DSA / FZI1
OS: WIN_11 X64
============================================================
[2026-05-08 07:54:21] Session log file created: E:\GitHub\Toolbox\log\Toolbox_20260508_075421.log
[2026-05-08 07:54:23] [VERBOSE] UI controls disabled while executing: Test DB connection
[2026-05-08 07:54:23] Connection test started for database ORTEMS_DEMO on server localhost\SQLEXPRESS
[2026-05-08 07:54:23] [VERBOSE] Connection string: Driver={SQL Server};Server=localhost\SQLEXPRESS;Database=ORTEMS_DEMO;Trusted_Connection=yes;
[2026-05-08 07:54:27] [VERBOSE] UI controls disabled while executing: Import workbook
[2026-05-08 07:54:30] [VERBOSE] Workbook import requested: E:\GitHub\Toolbox\ortems_toolbox_export.xlsx
[2026-05-08 07:54:41] [VERBOSE] Workbook sheet imported: Calendars = 55 row(s)
[2026-05-08 07:54:43] [VERBOSE] Workbook sheet imported: Machines = 12 row(s)
[2026-05-08 07:54:49] [VERBOSE] Workbook sheet imported: Operations = 35 row(s)
[2026-05-08 07:54:53] [VERBOSE] Workbook sheet imported: Routings = 39 row(s)
[2026-05-08 07:54:58] [VERBOSE] Workbook sheet imported: Items = 39 row(s)
[2026-05-08 07:55:11] [VERBOSE] Workbook sheet imported: BOM = 102 row(s)
[2026-05-08 07:55:15] [VERBOSE] Workbook sheet imported: WorkOrders = 34 row(s)
[2026-05-08 07:55:15] [VERBOSE] Workbook sheet imported: WOLinks = 0 row(s)
[2026-05-08 07:55:15] [VERBOSE] Workbook sheet imported: SecondaryResources = 0 row(s)
[2026-05-08 07:55:15] [VERBOSE] Workbook sheet imported: Capacity = 0 row(s)
[2026-05-08 07:55:15] [VERBOSE] Workbook sheet imported: InventoryMovements = 0 row(s)
[2026-05-08 07:55:15] === Integrity Check started (cross-tab reference validation) ===
[2026-05-08 07:55:15] === Integrity Check OK - all cross-tab references are consistent ===
[2026-05-08 07:55:15] Workbook import finished: 316 data rows <- E:\GitHub\Toolbox\ortems_toolbox_export.xlsx
[2026-05-08 07:55:25] [VERBOSE] UI controls disabled while executing: Integrity validation
[2026-05-08 07:55:25] === Integrity Check started (cross-tab reference validation) ===
[2026-05-08 07:55:25] === Integrity Check OK - all cross-tab references are consistent ===
[2026-05-08 07:55:28] [VERBOSE] UI controls disabled while executing: Generate SQL
[2026-05-08 07:55:28] === Integrity Check started (cross-tab reference validation) ===
[2026-05-08 07:55:28] === Integrity Check OK - all cross-tab references are consistent ===
[2026-05-08 07:55:28] B_PERI time mode detected: text
[2026-05-08 07:55:28] B_VER_ART schema: column for routing_phase not present in this version (optional)
[2026-05-08 07:55:28] B_VER_ART schema: no FK parent column detected for routing_phase through B_PHAS.NOPHASE
[2026-05-08 07:55:28] B_VER_ART schema: no FK parent column detected for routing_id through B_PHAS.NOMG
[2026-05-08 07:55:28] B_VER_ART schema: no FK parent column detected for routing_operation through B_PHAS.OPE
[2026-05-08 07:55:28] E_GAMME_NOME table not found in this schema - explicit bridge generation skipped.
[2026-05-08 07:55:29] B_NOME schema: column 'QTEREF' used for qty_base
[2026-05-08 07:55:29] B_NOME schema: column 'QTENEC' used for qty_nec
[2026-05-08 07:55:29] B_OF schema: column 'QTE' used for qty_order
[2026-05-08 07:55:29] B_OF schema: column for mode_util not present in this version (optional)
[2026-05-08 07:55:29] B_BT schema: column 'E_NOF' used for work_order
[2026-05-08 07:55:29] B_BT schema: column 'NOM_ENC' used for routing
[2026-05-08 07:55:29] B_BT schema: column 'BT_NOPHASE' used for phase
[2026-05-08 07:55:29] B_BT schema: column 'BT_OPE' used for operation
[2026-05-08 07:55:29] B_BT schema: column 'MACHINE' used for machine
[2026-05-08 07:55:29] B_BT schema: column for item not present in this version (optional)
[2026-05-08 07:55:29] B_BT schema: column for version not present in this version (optional)
[2026-05-08 07:55:29] B_BT schema: column for serie not present in this version (optional)
[2026-05-08 07:55:29] B_BT schema: column 'BT_QTE' used for qty
[2026-05-08 07:55:29] B_BT schema: column for start_date not present in this version (optional)
[2026-05-08 07:55:29] B_BT schema: column for end_date not present in this version (optional)
[2026-05-08 07:55:29] B_BT schema: column 'BT_CODEGEST' used for codegest
[2026-05-08 07:55:29] B_BT schema: column for status not present in this version (optional)
[2026-05-08 07:55:29] B_BT schema: column for mode_util not present in this version (optional)
[2026-05-08 07:55:29] SQL generated successfully. 225123 characters.
[2026-05-08 07:55:36] [VERBOSE] UI controls disabled while executing: Run SQL on DB
[2026-05-08 07:55:37] === Integrity Check started (cross-tab reference validation) ===
[2026-05-08 07:55:38] === Integrity Check OK - all cross-tab references are consistent ===
[2026-05-08 07:55:44] ERROR (stmt 676) on table [B_BT]: COM Error 0x80020009: [Microsoft][ODBC SQL Server Driver][SQL Server]Cannot insert the value NULL into column 'BT_FRACTION', table 'ORTEMS_DEMO.dbo.B_BT'; column does not allow nulls. INSERT fails.
[2026-05-08 07:55:44]   HINT: A NOT NULL column received an empty value. Check the source row in the corresponding tab.
[2026-05-08 07:55:44]   >> IF NOT EXISTS (SELECT 1 FROM B_BT WHERE [E_NOF]='CO#990702/1FIAT' AND [NOM_ENC]='FINAL ASSEMBLY' AND [BT_NOPHASE]=0010) |     INSERT INTO B_BT ([E_NOF], [NOM_ENC], [BT_NOPHASE], [BT_OPE], [MACHINE], [BT_QTE], [BT_CODEGEST]) |     VALUES ('CO#990702/1FIAT', 'FINAL ASSEMBLY', 0010, 'FINAL ASSEMBLY 0010', 'ASSEMBLY', 125.000, 'F')
[2026-05-08 07:55:44] Transaction ROLLED BACK due to error.
